// Jest Snapshot v1, https://goo.gl/fbAQLP

exports[`Articles Page Component Should render without crashing 1`] = `ReactWrapper {}`;
