// Jest Snapshot v1, https://goo.gl/fbAQLP

exports[`Edit Article Page Component Should render without crashing 1`] = `ReactWrapper {}`;
