// Jest Snapshot v1, https://goo.gl/fbAQLP

exports[`Single Article page should render without crashing 1`] = `ReactWrapper {}`;
