// Jest Snapshot v1, https://goo.gl/fbAQLP

exports[`snapshot test 1`] = `
<div
  className="inputContain"
>
  <input
    className="input"
    name=""
    onChange={[Function]}
    placeholder=""
    type=""
    value=""
  />
</div>
`;
