// Jest Snapshot v1, https://goo.gl/fbAQLP

exports[`snapshot test 1`] = `
<button
  type="submit"
>
  
</button>
`;
