// Jest Snapshot v1, https://goo.gl/fbAQLP

exports[`snapshot test 1`] = `
<div
  className="progressBar"
>
  <div
    className="filler"
    style={
      Object {
        "width": "0%",
      }
    }
  />
</div>
`;
