// Jest Snapshot v1, https://goo.gl/fbAQLP

exports[`App should render without crashing 1`] = `
Array [
  <div
    className="nav"
  >
    <div
      className="nav-logo"
    >
      <img
        alt="site logo"
        src={Object {}}
      />
    </div>
    <div
      className="nav-menu"
    >
      <ul>
        <li>
          <form>
            <input
              placeholder="SEARCH"
              type="text"
            />
          </form>
        </li>
        <li
          className="nav-item dropdown"
        >
          <a
            aria-expanded="false"
            aria-haspopup="true"
            className="nav-link dropdown-toggle"
            data-toggle="dropdown"
            href="#"
            role="button"
          >
            Accounts
          </a>
          <div
            className="dropdown-menu"
          >
            <a
              className="dropdown-item"
              href="/register"
            >
              Register
            </a>
            <a
              className="dropdown-item"
              href="/login"
            >
              Login
            </a>
          </div>
        </li>
      </ul>
    </div>
  </div>,
  <div>
    <div
      className="page-banner-image"
    >
      <img
        alt="Landing image"
        className="LandingImage"
        src={Object {}}
      />
    </div>
    <div
      className="small-screen"
    >
      <div>
        <form>
          <input
            placeholder="SEARCH"
            type="text"
          />
        </form>
      </div>
      <div>
        <a
          href="/login"
        >
          Account
        </a>
      </div>
    </div>
    <div
      className="wrapper"
    >
      <div>
        <div>
          No Posts where Found !!!!
        </div>
      </div>
      <div>
        <h1>
          Trending
        </h1>
        <br />
        <hr />
        <br />
        <div>
          No Trending Articles where Found !!!!
        </div>
      </div>
    </div>
    <br />
    <br />
    <br />
  </div>,
]
`;
