// Jest Snapshot v1, https://goo.gl/fbAQLP

exports[`App should render without crashing 1`] = `
Array [
  <div
    className="nav"
  >
    <div
      className="nav-logo"
    >
      <a
        href="/"
        onClick={[Function]}
      >
        <img
          alt="site logo"
          src={Object {}}
        />
      </a>
    </div>
    <div
      className="nav-menu"
    >
      <ul>
        <li
          className="nav-item dropdown"
        >
          <a
            aria-expanded="false"
            aria-haspopup="true"
            className="nav-link dropdown-toggle"
            data-toggle="dropdown"
            href="dummy.index"
            role="button"
          >
            Accounts
          </a>
          <div
            className="dropdown-menu"
          >
            <a
              className="dropdown-item"
              href="/register"
            >
              Register
            </a>
            <a
              className="dropdown-item"
              href="/login"
            >
              Login
            </a>
          </div>
        </li>
      </ul>
    </div>
  </div>,
  <div
    id="notification-wrapper"
  />,
  <div>
    <div
      className="page-banner-image"
    >
      <img
        alt="Landing"
        className="LandingImage"
        src={Object {}}
      />
    </div>
    <div
      className="small-screen"
    >
      <div>
        <form>
          <input
            placeholder="SEARCH"
            type="text"
          />
        </form>
      </div>
      <div>
        <a
          href="/login"
        >
          Account
        </a>
      </div>
    </div>
    <div>
      <div>
        <div
          className="wrapper"
        >
          <div>
            <div>
              No Posts where Found !!!!
            </div>
          </div>
        </div>
        <br />
        <br />
      </div>
    </div>
    <div
      className="container pagination-buttons"
    >
      <button
        className="btn left pagButton"
        disabled={true}
        type="button"
      >
        Previous
      </button>
      <button
        className="btn right pagButton"
        disabled={true}
        type="button"
      >
        Next
      </button>
    </div>
  </div>,
]
`;
