// Jest Snapshot v1, https://goo.gl/fbAQLP

exports[`Render dummy starter page from JSONPlaceholder should render without crashing 1`] = `
<div>
  <h1>
    Axios Prompt
  </h1>
  <div />
</div>
`;
