// Jest Snapshot v1, https://goo.gl/fbAQLP

exports[`Facebook Button Tests snapshot test 1`] = `ShallowWrapper {}`;
