// Jest Snapshot v1, https://goo.gl/fbAQLP

exports[`CommentReplies snapshot test 1`] = `ShallowWrapper {}`;
