// Jest Snapshot v1, https://goo.gl/fbAQLP

exports[`Articles Details Component Should render without crashing 1`] = `ShallowWrapper {}`;
