// Jest Snapshot v1, https://goo.gl/fbAQLP

exports[`Articles Component Should render without crashing 1`] = `ReactWrapper {}`;
