// Jest Snapshot v1, https://goo.gl/fbAQLP

exports[`Error page should render without failing 1`] = `ShallowWrapper {}`;
